// Jest Snapshot v1, https://goo.gl/fbAQLP

exports[`Testing Homepage should render the homepage correctly 1`] = `
<View
  style={
    Object {
      "flex": 1,
      "width": 735,
    }
  }
>
  <View>
    <Modal
      animationType="none"
      hardwareAccelerated={false}
      onRequestClose={[Function]}
      statusBarTranslucent={true}
      supportedOrientations={
        Array [
          "landscape",
          "portrait",
        ]
      }
      transparent={true}
      visible={true}
    >
      <View
        style={
          Array [
            Object {
              "backgroundColor": "transparent",
              "bottom": 0,
              "flex": 1,
              "left": 0,
              "position": "absolute",
              "right": 0,
              "top": 0,
            },
            Object {
              "backgroundColor": "rgba(0, 0, 0, 0.25)",
            },
          ]
        }
      >
        <View
          style={
            Object {
              "alignItems": "center",
              "bottom": 0,
              "justifyContent": "center",
              "left": 0,
              "position": "absolute",
              "right": 0,
              "top": 0,
            }
          }
        >
          <ActivityIndicator
            color="white"
            size="large"
            style={
              Array [
                Object {
                  "flex": 1,
                },
                Object {},
              ]
            }
          />
          <View
            style={
              Array [
                Object {
                  "alignItems": "center",
                  "bottom": 0,
                  "flex": 1,
                  "justifyContent": "center",
                  "left": 0,
                  "position": "absolute",
                  "right": 0,
                  "top": 0,
                },
                Object {},
              ]
            }
          >
            <Text
              style={
                Array [
                  Object {
                    "fontSize": 20,
                    "fontWeight": "bold",
                    "height": 50,
                    "top": 80,
                  },
                  Object {
                    "color": "#fff",
                  },
                ]
              }
            >
              Loading...
            </Text>
          </View>
        </View>
      </View>
    </Modal>
  </View>
  <Text
    style={
      Object {
        "fontSize": 16,
        "fontWeight": "600",
        "marginLeft": 25,
        "marginTop": 80,
      }
    }
  >
     All Cats
  </Text>
  <RCTScrollView
    ListEmptyComponent={[Function]}
    contentContainerStyle={
      Object {
        "paddingBottom": 20,
      }
    }
    data={Array []}
    extraData={Array []}
    getItem={[Function]}
    getItemCount={[Function]}
    keyExtractor={[Function]}
    onContentSizeChange={[Function]}
    onLayout={[Function]}
    onMomentumScrollBegin={[Function]}
    onMomentumScrollEnd={[Function]}
    onScroll={[Function]}
    onScrollBeginDrag={[Function]}
    onScrollEndDrag={[Function]}
    removeClippedSubviews={false}
    renderItem={[Function]}
    scrollEventThrottle={50}
    stickyHeaderIndices={Array []}
    viewabilityConfigCallbackPairs={Array []}
  >
    <View>
      <Text
        testID="no-results"
      >
        Sorry, no results found.
      </Text>
    </View>
  </RCTScrollView>
</View>
`;
